2021-12-22 21:15:01,821 log1 INFO handle_log.py-50 line：1111111111111111
2021-12-22 21:16:55,433 log1 INFO handle_log.py-47 line：1111111111111111
2021-12-22 21:21:51,904 log1 INFO handle_log.py-45 line：1111111111111111
2021-12-22 21:27:02,524 log1 INFO handle_log.py-45 line：1111111111111111
2021-12-22 21:40:27,209 log1 INFO handle_log.py-45 line：1111111111111111
2021-12-22 21:40:27,209 log1 INFO handle_request.py-44 line：发起一次HTTP请求
2021-12-22 21:40:27,209 log1 INFO handle_request.py-47 line：请求头为：{'X-Lemonban-Media-Type': 'lemonban.v2', 'Content-Type': 'application/json'}
2021-12-22 21:40:27,209 log1 INFO handle_request.py-48 line：请求方法为：POST
2021-12-22 21:40:27,209 log1 INFO handle_request.py-49 line：请求url为：http://api.lemonban.com/futureloan/member/login
2021-12-22 21:40:27,209 log1 INFO handle_request.py-50 line：请求数据为：{'mobile_phone': '13845467789', 'pwd': '1234567890'}
2021-12-22 21:40:27,339 log1 INFO handle_request.py-57 line：响应状态码为：200
2021-12-22 21:40:27,349 log1 INFO handle_request.py-58 line：响应数据为：{'code': 1001, 'msg': '账号信息错误', 'data': None, 'copyright': 'Copyright 柠檬班 © 2017-2019 湖南省零檬信息技术有限公司 All Rights Reserved'}
2021-12-22 22:23:50,890 log1 INFO Test_registe.py-29 line：======  注册模块用例 开始执行  ========
2021-12-22 22:23:50,890 log1 INFO Test_registe.py-39 line：*********   执行用例1：注册成功-带注册名   *********
2021-12-22 22:23:50,890 log1 INFO handle_request.py-44 line：发起一次HTTP请求
2021-12-22 22:23:50,890 log1 INFO handle_request.py-47 line：请求头为：{'X-Lemonban-Media-Type': 'lemonban.v2', 'Content-Type': 'application/json'}
2021-12-22 22:23:50,890 log1 INFO handle_request.py-48 line：请求方法为：post
2021-12-22 22:23:50,890 log1 INFO handle_request.py-49 line：请求url为：http://api.lemonban.com/futureloan/member/register
2021-12-22 22:23:50,890 log1 INFO handle_request.py-50 line：请求数据为：{'mobile_phone': '18600001112', 'pwd': '123456789', 'type': 1, 'reg_name': '美丽可爱的小简'}
2021-12-22 22:23:51,050 log1 INFO handle_request.py-57 line：响应状态码为：200
2021-12-22 22:23:51,050 log1 INFO handle_request.py-58 line：响应数据为：{'code': 2, 'msg': '账号已存在', 'data': None, 'copyright': 'Copyright 柠檬班 © 2017-2019 湖南省零檬信息技术有限公司 All Rights Reserved'}
2021-12-22 22:23:51,050 log1 INFO Test_registe.py-44 line：用例的期望结果为：{"code":0,"msg":"OK"}
2021-12-22 22:23:51,050 log1 ERROR Test_registe.py-49 line：断言失败！
Traceback (most recent call last):
  File "C:\Users\Administrator\Desktop\api\TestCase\Test_registe.py", line 46, in test_register_ok
    self.assertEqual(response.json()["code"],expected["code"]) #断言响应code与期望code
  File "D:\python\lib\unittest\case.py", line 829, in assertEqual
    assertion_func(first, second, msg=msg)
  File "D:\python\lib\unittest\case.py", line 822, in _baseAssertEqual
    raise self.failureException(msg)
AssertionError: 2 != 0
2021-12-22 22:23:51,070 log1 INFO Test_registe.py-39 line：*********   执行用例2：成功-不带用户名   *********
2021-12-22 22:23:51,070 log1 INFO handle_request.py-44 line：发起一次HTTP请求
2021-12-22 22:23:51,070 log1 INFO handle_request.py-47 line：请求头为：{'X-Lemonban-Media-Type': 'lemonban.v2', 'Content-Type': 'application/json'}
2021-12-22 22:23:51,070 log1 INFO handle_request.py-48 line：请求方法为：post
2021-12-22 22:23:51,070 log1 INFO handle_request.py-49 line：请求url为：http://api.lemonban.com/futureloan/member/register
2021-12-22 22:23:51,070 log1 INFO handle_request.py-50 line：请求数据为：{'mobile_phone': '18600001113', 'pwd': '123456789', 'type': 1}
2021-12-22 22:23:51,160 log1 INFO handle_request.py-57 line：响应状态码为：200
2021-12-22 22:23:51,160 log1 INFO handle_request.py-58 line：响应数据为：{'code': 2, 'msg': '账号已存在', 'data': None, 'copyright': 'Copyright 柠檬班 © 2017-2019 湖南省零檬信息技术有限公司 All Rights Reserved'}
2021-12-22 22:23:51,160 log1 INFO Test_registe.py-44 line：用例的期望结果为：{"code":1,"msg":"手机号为空"}
2021-12-22 22:23:51,160 log1 ERROR Test_registe.py-49 line：断言失败！
Traceback (most recent call last):
  File "C:\Users\Administrator\Desktop\api\TestCase\Test_registe.py", line 46, in test_register_ok
    self.assertEqual(response.json()["code"],expected["code"]) #断言响应code与期望code
  File "D:\python\lib\unittest\case.py", line 829, in assertEqual
    assertion_func(first, second, msg=msg)
  File "D:\python\lib\unittest\case.py", line 822, in _baseAssertEqual
    raise self.failureException(msg)
AssertionError: 2 != 1
2021-12-22 22:23:51,160 log1 INFO Test_registe.py-39 line：*********   执行用例3：不输入手机号   *********
2021-12-22 22:23:51,160 log1 INFO handle_request.py-44 line：发起一次HTTP请求
2021-12-22 22:23:51,170 log1 INFO handle_request.py-47 line：请求头为：{'X-Lemonban-Media-Type': 'lemonban.v2', 'Content-Type': 'application/json'}
2021-12-22 22:23:51,170 log1 INFO handle_request.py-48 line：请求方法为：post
2021-12-22 22:23:51,170 log1 INFO handle_request.py-49 line：请求url为：http://api.lemonban.com/futureloan/member/register
2021-12-22 22:23:51,170 log1 INFO handle_request.py-50 line：请求数据为：{'pwd': '12345678', 'type': 1}
2021-12-22 22:23:51,310 log1 INFO handle_request.py-57 line：响应状态码为：200
2021-12-22 22:23:51,310 log1 INFO handle_request.py-58 line：响应数据为：{'code': 1, 'msg': '手机号为空', 'data': None, 'copyright': 'Copyright 柠檬班 © 2017-2019 湖南省零檬信息技术有限公司 All Rights Reserved'}
2021-12-22 22:23:51,310 log1 INFO Test_registe.py-44 line：用例的期望结果为：{"code":1,"msg":"手机号为空"}
2021-12-22 22:23:51,310 log1 INFO Test_registe.py-39 line：*********   执行用例4：手机号长度10位   *********
2021-12-22 22:23:51,310 log1 INFO handle_request.py-44 line：发起一次HTTP请求
2021-12-22 22:23:51,310 log1 INFO handle_request.py-47 line：请求头为：{'X-Lemonban-Media-Type': 'lemonban.v2', 'Content-Type': 'application/json'}
2021-12-22 22:23:51,310 log1 INFO handle_request.py-48 line：请求方法为：post
2021-12-22 22:23:51,310 log1 INFO handle_request.py-49 line：请求url为：http://api.lemonban.com/futureloan/member/register
2021-12-22 22:23:51,310 log1 INFO handle_request.py-50 line：请求数据为：{'mobile_phone': '1550000000', 'pwd': '12345678', 'type': 1}
2021-12-22 22:23:51,390 log1 INFO handle_request.py-57 line：响应状态码为：200
2021-12-22 22:23:51,390 log1 INFO handle_request.py-58 line：响应数据为：{'code': 2, 'msg': '无效的手机格式', 'data': None, 'copyright': 'Copyright 柠檬班 © 2017-2019 湖南省零檬信息技术有限公司 All Rights Reserved'}
2021-12-22 22:23:51,390 log1 INFO Test_registe.py-44 line：用例的期望结果为：{"code":2,"msg":"无效的手机格式"}
2021-12-22 22:23:51,390 log1 INFO Test_registe.py-39 line：*********   执行用例5：手机号长度12位   *********
2021-12-22 22:23:51,390 log1 INFO handle_request.py-44 line：发起一次HTTP请求
2021-12-22 22:23:51,390 log1 INFO handle_request.py-47 line：请求头为：{'X-Lemonban-Media-Type': 'lemonban.v2', 'Content-Type': 'application/json'}
2021-12-22 22:23:51,390 log1 INFO handle_request.py-48 line：请求方法为：post
2021-12-22 22:23:51,390 log1 INFO handle_request.py-49 line：请求url为：http://api.lemonban.com/futureloan/member/register
2021-12-22 22:23:51,390 log1 INFO handle_request.py-50 line：请求数据为：{'mobile_phone': '155000000001', 'pwd': '12345678', 'type': 1}
2021-12-22 22:23:51,470 log1 INFO handle_request.py-57 line：响应状态码为：200
2021-12-22 22:23:51,470 log1 INFO handle_request.py-58 line：响应数据为：{'code': 2, 'msg': '无效的手机格式', 'data': None, 'copyright': 'Copyright 柠檬班 © 2017-2019 湖南省零檬信息技术有限公司 All Rights Reserved'}
2021-12-22 22:23:51,470 log1 INFO Test_registe.py-44 line：用例的期望结果为：{"code":2,"msg":"无效的手机格式"}
2021-12-22 22:23:51,470 log1 INFO Test_registe.py-39 line：*********   执行用例6：手机号含有非法字符   *********
2021-12-22 22:23:51,470 log1 INFO handle_request.py-44 line：发起一次HTTP请求
2021-12-22 22:23:51,470 log1 INFO handle_request.py-47 line：请求头为：{'X-Lemonban-Media-Type': 'lemonban.v2', 'Content-Type': 'application/json'}
2021-12-22 22:23:51,470 log1 INFO handle_request.py-48 line：请求方法为：post
2021-12-22 22:23:51,470 log1 INFO handle_request.py-49 line：请求url为：http://api.lemonban.com/futureloan/member/register
2021-12-22 22:23:51,470 log1 INFO handle_request.py-50 line：请求数据为：{'mobile_phone': '1550000000q', 'pwd': '12345678', 'type': 1}
2021-12-22 22:23:51,560 log1 INFO handle_request.py-57 line：响应状态码为：200
2021-12-22 22:23:51,560 log1 INFO handle_request.py-58 line：响应数据为：{'code': 2, 'msg': '无效的手机格式', 'data': None, 'copyright': 'Copyright 柠檬班 © 2017-2019 湖南省零檬信息技术有限公司 All Rights Reserved'}
2021-12-22 22:23:51,560 log1 INFO Test_registe.py-44 line：用例的期望结果为：{"code":2,"msg":"无效的手机格式"}
2021-12-22 22:23:51,560 log1 INFO Test_registe.py-39 line：*********   执行用例7：已注册过的手机号   *********
2021-12-22 22:23:51,560 log1 INFO handle_request.py-44 line：发起一次HTTP请求
2021-12-22 22:23:51,560 log1 INFO handle_request.py-47 line：请求头为：{'X-Lemonban-Media-Type': 'lemonban.v2', 'Content-Type': 'application/json'}
2021-12-22 22:23:51,560 log1 INFO handle_request.py-48 line：请求方法为：post
2021-12-22 22:23:51,560 log1 INFO handle_request.py-49 line：请求url为：http://api.lemonban.com/futureloan/member/register
2021-12-22 22:23:51,560 log1 INFO handle_request.py-50 line：请求数据为：{'mobile_phone': '15500000000', 'pwd': '12345678', 'type': 1}
2021-12-22 22:23:51,650 log1 INFO handle_request.py-57 line：响应状态码为：200
2021-12-22 22:23:51,650 log1 INFO handle_request.py-58 line：响应数据为：{'code': 2, 'msg': '账号已存在', 'data': None, 'copyright': 'Copyright 柠檬班 © 2017-2019 湖南省零檬信息技术有限公司 All Rights Reserved'}
2021-12-22 22:23:51,650 log1 INFO Test_registe.py-44 line：用例的期望结果为：{"code":2,"msg":"账号已存在"}
2021-12-22 22:23:51,650 log1 INFO Test_registe.py-39 line：*********   执行用例8：密码7位   *********
2021-12-22 22:23:51,650 log1 INFO handle_request.py-44 line：发起一次HTTP请求
2021-12-22 22:23:51,650 log1 INFO handle_request.py-47 line：请求头为：{'X-Lemonban-Media-Type': 'lemonban.v2', 'Content-Type': 'application/json'}
2021-12-22 22:23:51,650 log1 INFO handle_request.py-48 line：请求方法为：post
2021-12-22 22:23:51,650 log1 INFO handle_request.py-49 line：请求url为：http://api.lemonban.com/futureloan/member/register
2021-12-22 22:23:51,650 log1 INFO handle_request.py-50 line：请求数据为：{'mobile_phone': '15500056781', 'pwd': '1234567', 'type': 1}
2021-12-22 22:23:51,740 log1 INFO handle_request.py-57 line：响应状态码为：200
2021-12-22 22:23:51,740 log1 INFO handle_request.py-58 line：响应数据为：{'code': 2, 'msg': '密码格式为8到16位', 'data': None, 'copyright': 'Copyright 柠檬班 © 2017-2019 湖南省零檬信息技术有限公司 All Rights Reserved'}
2021-12-22 22:23:51,740 log1 INFO Test_registe.py-44 line：用例的期望结果为：{"code":2,"msg":"密码格式为8到16位"}
2021-12-22 22:23:51,740 log1 INFO Test_registe.py-39 line：*********   执行用例9：密码17位   *********
2021-12-22 22:23:51,740 log1 INFO handle_request.py-44 line：发起一次HTTP请求
2021-12-22 22:23:51,740 log1 INFO handle_request.py-47 line：请求头为：{'X-Lemonban-Media-Type': 'lemonban.v2', 'Content-Type': 'application/json'}
2021-12-22 22:23:51,740 log1 INFO handle_request.py-48 line：请求方法为：post
2021-12-22 22:23:51,740 log1 INFO handle_request.py-49 line：请求url为：http://api.lemonban.com/futureloan/member/register
2021-12-22 22:23:51,740 log1 INFO handle_request.py-50 line：请求数据为：{'mobile_phone': '15500000001', 'pwd': '12345678901234567', 'type': 1}
2021-12-22 22:23:51,830 log1 INFO handle_request.py-57 line：响应状态码为：200
2021-12-22 22:23:51,830 log1 INFO handle_request.py-58 line：响应数据为：{'code': 2, 'msg': '密码格式为8到16位', 'data': None, 'copyright': 'Copyright 柠檬班 © 2017-2019 湖南省零檬信息技术有限公司 All Rights Reserved'}
2021-12-22 22:23:51,830 log1 INFO Test_registe.py-44 line：用例的期望结果为：{"code":2,"msg":"密码格式为8到16位"}
2021-12-22 22:23:51,830 log1 INFO Test_registe.py-39 line：*********   执行用例10：不输入密码   *********
2021-12-22 22:23:51,830 log1 INFO handle_request.py-44 line：发起一次HTTP请求
2021-12-22 22:23:51,830 log1 INFO handle_request.py-47 line：请求头为：{'X-Lemonban-Media-Type': 'lemonban.v2', 'Content-Type': 'application/json'}
2021-12-22 22:23:51,830 log1 INFO handle_request.py-48 line：请求方法为：post
2021-12-22 22:23:51,830 log1 INFO handle_request.py-49 line：请求url为：http://api.lemonban.com/futureloan/member/register
2021-12-22 22:23:51,830 log1 INFO handle_request.py-50 line：请求数据为：{'mobile_phone': '13300000001', 'type': 1}
2021-12-22 22:23:51,920 log1 INFO handle_request.py-57 line：响应状态码为：200
2021-12-22 22:23:51,920 log1 INFO handle_request.py-58 line：响应数据为：{'code': 1, 'msg': '密码为空', 'data': None, 'copyright': 'Copyright 柠檬班 © 2017-2019 湖南省零檬信息技术有限公司 All Rights Reserved'}
2021-12-22 22:23:51,920 log1 INFO Test_registe.py-44 line：用例的期望结果为：{"code":1,"msg":"密码为空"}
2021-12-22 22:23:51,920 log1 INFO Test_registe.py-39 line：*********   执行用例11：注册名11位   *********
2021-12-22 22:23:51,920 log1 INFO handle_request.py-44 line：发起一次HTTP请求
2021-12-22 22:23:51,920 log1 INFO handle_request.py-47 line：请求头为：{'X-Lemonban-Media-Type': 'lemonban.v2', 'Content-Type': 'application/json'}
2021-12-22 22:23:51,920 log1 INFO handle_request.py-48 line：请求方法为：post
2021-12-22 22:23:51,920 log1 INFO handle_request.py-49 line：请求url为：http://api.lemonban.com/futureloan/member/register
2021-12-22 22:23:51,920 log1 INFO handle_request.py-50 line：请求数据为：{'mobile_phone': '13303007856', 'pwd': '12345678', 'type': 1, 'reg_name': '12345678909991'}
2021-12-22 22:23:52,000 log1 INFO handle_request.py-57 line：响应状态码为：200
2021-12-22 22:23:52,000 log1 INFO handle_request.py-58 line：响应数据为：{'code': 2, 'msg': '用户昵称长度超过10位', 'data': None, 'copyright': 'Copyright 柠檬班 © 2017-2019 湖南省零檬信息技术有限公司 All Rights Reserved'}
2021-12-22 22:23:52,000 log1 INFO Test_registe.py-44 line：用例的期望结果为：{"code":2,"msg":"用户昵称长度超过10位"}
2021-12-22 22:23:52,000 log1 INFO Test_registe.py-39 line：*********   执行用例12：类型输入非0，1内容   *********
2021-12-22 22:23:52,000 log1 INFO handle_request.py-44 line：发起一次HTTP请求
2021-12-22 22:23:52,000 log1 INFO handle_request.py-47 line：请求头为：{'X-Lemonban-Media-Type': 'lemonban.v2', 'Content-Type': 'application/json'}
2021-12-22 22:23:52,000 log1 INFO handle_request.py-48 line：请求方法为：post
2021-12-22 22:23:52,000 log1 INFO handle_request.py-49 line：请求url为：http://api.lemonban.com/futureloan/member/register
2021-12-22 22:23:52,000 log1 INFO handle_request.py-50 line：请求数据为：{'mobile_phone': '13300003456', 'pwd': '12345678', 'type': 2}
2021-12-22 22:23:52,090 log1 INFO handle_request.py-57 line：响应状态码为：200
2021-12-22 22:23:52,090 log1 INFO handle_request.py-58 line：响应数据为：{'code': 2, 'msg': '不支持的用户类型', 'data': None, 'copyright': 'Copyright 柠檬班 © 2017-2019 湖南省零檬信息技术有限公司 All Rights Reserved'}
2021-12-22 22:23:52,090 log1 INFO Test_registe.py-44 line：用例的期望结果为：{"code":2,"msg":"不支持的用户类型"}
2021-12-22 22:23:52,090 log1 INFO Test_registe.py-39 line：*********   执行用例13：不输入类型   *********
2021-12-22 22:23:52,090 log1 INFO handle_request.py-44 line：发起一次HTTP请求
2021-12-22 22:23:52,090 log1 INFO handle_request.py-47 line：请求头为：{'X-Lemonban-Media-Type': 'lemonban.v2', 'Content-Type': 'application/json'}
2021-12-22 22:23:52,090 log1 INFO handle_request.py-48 line：请求方法为：post
2021-12-22 22:23:52,090 log1 INFO handle_request.py-49 line：请求url为：http://api.lemonban.com/futureloan/member/register
2021-12-22 22:23:52,090 log1 INFO handle_request.py-50 line：请求数据为：{'mobile_phone': '#phone#', 'pwd': '12345678'}
2021-12-22 22:23:52,200 log1 INFO handle_request.py-57 line：响应状态码为：200
2021-12-22 22:23:52,200 log1 INFO handle_request.py-58 line：响应数据为：{'code': 2, 'msg': '无效的手机格式', 'data': None, 'copyright': 'Copyright 柠檬班 © 2017-2019 湖南省零檬信息技术有限公司 All Rights Reserved'}
2021-12-22 22:23:52,200 log1 INFO Test_registe.py-44 line：用例的期望结果为：{"code":0,"msg":"OK"}
2021-12-22 22:23:52,200 log1 ERROR Test_registe.py-49 line：断言失败！
Traceback (most recent call last):
  File "C:\Users\Administrator\Desktop\api\TestCase\Test_registe.py", line 46, in test_register_ok
    self.assertEqual(response.json()["code"],expected["code"]) #断言响应code与期望code
  File "D:\python\lib\unittest\case.py", line 829, in assertEqual
    assertion_func(first, second, msg=msg)
  File "D:\python\lib\unittest\case.py", line 822, in _baseAssertEqual
    raise self.failureException(msg)
AssertionError: 2 != 0
2021-12-22 22:23:52,210 log1 INFO Test_registe.py-33 line：======  注册模块用例 执行结束  ========
2021-12-22 22:33:07,849 log1 INFO Test_registe.py-29 line：======  注册模块用例 开始执行  ========
2021-12-22 22:33:07,849 log1 INFO Test_registe.py-39 line：*********   执行用例1：注册成功-带注册名   *********
2021-12-22 22:33:07,849 log1 INFO handle_request.py-44 line：发起一次HTTP请求
2021-12-22 22:33:07,849 log1 INFO handle_request.py-47 line：请求头为：{'X-Lemonban-Media-Type': 'lemonban.v2', 'Content-Type': 'application/json'}
2021-12-22 22:33:07,849 log1 INFO handle_request.py-48 line：请求方法为：post
2021-12-22 22:33:07,849 log1 INFO handle_request.py-49 line：请求url为：http://api.lemonban.com/futureloan/member/register
2021-12-22 22:33:07,849 log1 INFO handle_request.py-50 line：请求数据为：{'mobile_phone': '18600001112', 'pwd': '123456789', 'type': 1, 'reg_name': '美丽可爱的小简'}
2021-12-22 22:33:07,979 log1 INFO handle_request.py-57 line：响应状态码为：200
2021-12-22 22:33:07,979 log1 INFO handle_request.py-58 line：响应数据为：{'code': 2, 'msg': '账号已存在', 'data': None, 'copyright': 'Copyright 柠檬班 © 2017-2019 湖南省零檬信息技术有限公司 All Rights Reserved'}
2021-12-22 22:33:07,979 log1 INFO Test_registe.py-44 line：用例的期望结果为：{"code":0,"msg":"OK"}
2021-12-22 22:33:07,979 log1 ERROR Test_registe.py-50 line：断言失败！
Traceback (most recent call last):
  File "C:\Users\Administrator\Desktop\api\TestCase\Test_registe.py", line 46, in test_register_ok
    self.assertEqual(response.json()["code"],expected["code"]) #断言响应code与期望code
  File "D:\python\lib\unittest\case.py", line 829, in assertEqual
    assertion_func(first, second, msg=msg)
  File "D:\python\lib\unittest\case.py", line 822, in _baseAssertEqual
    raise self.failureException(msg)
AssertionError: 2 != 0
2021-12-22 22:33:07,989 log1 INFO Test_registe.py-39 line：*********   执行用例2：成功-不带用户名   *********
2021-12-22 22:33:07,989 log1 INFO handle_request.py-44 line：发起一次HTTP请求
2021-12-22 22:33:07,989 log1 INFO handle_request.py-47 line：请求头为：{'X-Lemonban-Media-Type': 'lemonban.v2', 'Content-Type': 'application/json'}
2021-12-22 22:33:07,989 log1 INFO handle_request.py-48 line：请求方法为：post
2021-12-22 22:33:07,989 log1 INFO handle_request.py-49 line：请求url为：http://api.lemonban.com/futureloan/member/register
2021-12-22 22:33:07,989 log1 INFO handle_request.py-50 line：请求数据为：{'mobile_phone': '18600001113', 'pwd': '123456789', 'type': 1}
2021-12-22 22:33:08,079 log1 INFO handle_request.py-57 line：响应状态码为：200
2021-12-22 22:33:08,079 log1 INFO handle_request.py-58 line：响应数据为：{'code': 2, 'msg': '账号已存在', 'data': None, 'copyright': 'Copyright 柠檬班 © 2017-2019 湖南省零檬信息技术有限公司 All Rights Reserved'}
2021-12-22 22:33:08,079 log1 INFO Test_registe.py-44 line：用例的期望结果为：{"code":1,"msg":"手机号为空"}
2021-12-22 22:33:08,079 log1 ERROR Test_registe.py-50 line：断言失败！
Traceback (most recent call last):
  File "C:\Users\Administrator\Desktop\api\TestCase\Test_registe.py", line 46, in test_register_ok
    self.assertEqual(response.json()["code"],expected["code"]) #断言响应code与期望code
  File "D:\python\lib\unittest\case.py", line 829, in assertEqual
    assertion_func(first, second, msg=msg)
  File "D:\python\lib\unittest\case.py", line 822, in _baseAssertEqual
    raise self.failureException(msg)
AssertionError: 2 != 1
2021-12-22 22:33:08,079 log1 INFO Test_registe.py-39 line：*********   执行用例3：不输入手机号   *********
2021-12-22 22:33:08,079 log1 INFO handle_request.py-44 line：发起一次HTTP请求
2021-12-22 22:33:08,079 log1 INFO handle_request.py-47 line：请求头为：{'X-Lemonban-Media-Type': 'lemonban.v2', 'Content-Type': 'application/json'}
2021-12-22 22:33:08,079 log1 INFO handle_request.py-48 line：请求方法为：post
2021-12-22 22:33:08,079 log1 INFO handle_request.py-49 line：请求url为：http://api.lemonban.com/futureloan/member/register
2021-12-22 22:33:08,079 log1 INFO handle_request.py-50 line：请求数据为：{'pwd': '12345678', 'type': 1}
2021-12-22 22:33:08,159 log1 INFO handle_request.py-57 line：响应状态码为：200
2021-12-22 22:33:08,159 log1 INFO handle_request.py-58 line：响应数据为：{'code': 1, 'msg': '手机号为空', 'data': None, 'copyright': 'Copyright 柠檬班 © 2017-2019 湖南省零檬信息技术有限公司 All Rights Reserved'}
2021-12-22 22:33:08,159 log1 INFO Test_registe.py-44 line：用例的期望结果为：{"code":1,"msg":"手机号为空"}
2021-12-22 22:33:08,159 log1 INFO Test_registe.py-39 line：*********   执行用例4：手机号长度10位   *********
2021-12-22 22:33:08,159 log1 INFO handle_request.py-44 line：发起一次HTTP请求
2021-12-22 22:33:08,159 log1 INFO handle_request.py-47 line：请求头为：{'X-Lemonban-Media-Type': 'lemonban.v2', 'Content-Type': 'application/json'}
2021-12-22 22:33:08,159 log1 INFO handle_request.py-48 line：请求方法为：post
2021-12-22 22:33:08,159 log1 INFO handle_request.py-49 line：请求url为：http://api.lemonban.com/futureloan/member/register
2021-12-22 22:33:08,159 log1 INFO handle_request.py-50 line：请求数据为：{'mobile_phone': '1550000000', 'pwd': '12345678', 'type': 1}
2021-12-22 22:33:09,239 log1 INFO handle_request.py-57 line：响应状态码为：200
2021-12-22 22:33:09,239 log1 INFO handle_request.py-58 line：响应数据为：{'code': 2, 'msg': '无效的手机格式', 'data': None, 'copyright': 'Copyright 柠檬班 © 2017-2019 湖南省零檬信息技术有限公司 All Rights Reserved'}
2021-12-22 22:33:09,239 log1 INFO Test_registe.py-44 line：用例的期望结果为：{"code":2,"msg":"无效的手机格式"}
2021-12-22 22:33:09,239 log1 INFO Test_registe.py-39 line：*********   执行用例5：手机号长度12位   *********
2021-12-22 22:33:09,239 log1 INFO handle_request.py-44 line：发起一次HTTP请求
2021-12-22 22:33:09,239 log1 INFO handle_request.py-47 line：请求头为：{'X-Lemonban-Media-Type': 'lemonban.v2', 'Content-Type': 'application/json'}
2021-12-22 22:33:09,239 log1 INFO handle_request.py-48 line：请求方法为：post
2021-12-22 22:33:09,239 log1 INFO handle_request.py-49 line：请求url为：http://api.lemonban.com/futureloan/member/register
2021-12-22 22:33:09,239 log1 INFO handle_request.py-50 line：请求数据为：{'mobile_phone': '155000000001', 'pwd': '12345678', 'type': 1}
2021-12-22 22:33:09,319 log1 INFO handle_request.py-57 line：响应状态码为：200
2021-12-22 22:33:09,319 log1 INFO handle_request.py-58 line：响应数据为：{'code': 2, 'msg': '无效的手机格式', 'data': None, 'copyright': 'Copyright 柠檬班 © 2017-2019 湖南省零檬信息技术有限公司 All Rights Reserved'}
2021-12-22 22:33:09,319 log1 INFO Test_registe.py-44 line：用例的期望结果为：{"code":2,"msg":"无效的手机格式"}
2021-12-22 22:33:09,319 log1 INFO Test_registe.py-39 line：*********   执行用例6：手机号含有非法字符   *********
2021-12-22 22:33:09,319 log1 INFO handle_request.py-44 line：发起一次HTTP请求
2021-12-22 22:33:09,319 log1 INFO handle_request.py-47 line：请求头为：{'X-Lemonban-Media-Type': 'lemonban.v2', 'Content-Type': 'application/json'}
2021-12-22 22:33:09,319 log1 INFO handle_request.py-48 line：请求方法为：post
2021-12-22 22:33:09,319 log1 INFO handle_request.py-49 line：请求url为：http://api.lemonban.com/futureloan/member/register
2021-12-22 22:33:09,319 log1 INFO handle_request.py-50 line：请求数据为：{'mobile_phone': '1550000000q', 'pwd': '12345678', 'type': 1}
2021-12-22 22:33:09,409 log1 INFO handle_request.py-57 line：响应状态码为：200
2021-12-22 22:33:09,409 log1 INFO handle_request.py-58 line：响应数据为：{'code': 2, 'msg': '无效的手机格式', 'data': None, 'copyright': 'Copyright 柠檬班 © 2017-2019 湖南省零檬信息技术有限公司 All Rights Reserved'}
2021-12-22 22:33:09,409 log1 INFO Test_registe.py-44 line：用例的期望结果为：{"code":2,"msg":"无效的手机格式"}
2021-12-22 22:33:09,409 log1 INFO Test_registe.py-39 line：*********   执行用例7：已注册过的手机号   *********
2021-12-22 22:33:09,409 log1 INFO handle_request.py-44 line：发起一次HTTP请求
2021-12-22 22:33:09,409 log1 INFO handle_request.py-47 line：请求头为：{'X-Lemonban-Media-Type': 'lemonban.v2', 'Content-Type': 'application/json'}
2021-12-22 22:33:09,409 log1 INFO handle_request.py-48 line：请求方法为：post
2021-12-22 22:33:09,409 log1 INFO handle_request.py-49 line：请求url为：http://api.lemonban.com/futureloan/member/register
2021-12-22 22:33:09,409 log1 INFO handle_request.py-50 line：请求数据为：{'mobile_phone': '15500000000', 'pwd': '12345678', 'type': 1}
2021-12-22 22:33:09,499 log1 INFO handle_request.py-57 line：响应状态码为：200
2021-12-22 22:33:09,499 log1 INFO handle_request.py-58 line：响应数据为：{'code': 2, 'msg': '账号已存在', 'data': None, 'copyright': 'Copyright 柠檬班 © 2017-2019 湖南省零檬信息技术有限公司 All Rights Reserved'}
2021-12-22 22:33:09,499 log1 INFO Test_registe.py-44 line：用例的期望结果为：{"code":2,"msg":"账号已存在"}
2021-12-22 22:33:09,499 log1 INFO Test_registe.py-39 line：*********   执行用例8：密码7位   *********
2021-12-22 22:33:09,499 log1 INFO handle_request.py-44 line：发起一次HTTP请求
2021-12-22 22:33:09,499 log1 INFO handle_request.py-47 line：请求头为：{'X-Lemonban-Media-Type': 'lemonban.v2', 'Content-Type': 'application/json'}
2021-12-22 22:33:09,499 log1 INFO handle_request.py-48 line：请求方法为：post
2021-12-22 22:33:09,499 log1 INFO handle_request.py-49 line：请求url为：http://api.lemonban.com/futureloan/member/register
2021-12-22 22:33:09,499 log1 INFO handle_request.py-50 line：请求数据为：{'mobile_phone': '15500056781', 'pwd': '1234567', 'type': 1}
2021-12-22 22:33:09,569 log1 INFO handle_request.py-57 line：响应状态码为：200
2021-12-22 22:33:09,569 log1 INFO handle_request.py-58 line：响应数据为：{'code': 2, 'msg': '密码格式为8到16位', 'data': None, 'copyright': 'Copyright 柠檬班 © 2017-2019 湖南省零檬信息技术有限公司 All Rights Reserved'}
2021-12-22 22:33:09,569 log1 INFO Test_registe.py-44 line：用例的期望结果为：{"code":2,"msg":"密码格式为8到16位"}
2021-12-22 22:33:09,569 log1 INFO Test_registe.py-39 line：*********   执行用例9：密码17位   *********
2021-12-22 22:33:09,569 log1 INFO handle_request.py-44 line：发起一次HTTP请求
2021-12-22 22:33:09,569 log1 INFO handle_request.py-47 line：请求头为：{'X-Lemonban-Media-Type': 'lemonban.v2', 'Content-Type': 'application/json'}
2021-12-22 22:33:09,569 log1 INFO handle_request.py-48 line：请求方法为：post
2021-12-22 22:33:09,569 log1 INFO handle_request.py-49 line：请求url为：http://api.lemonban.com/futureloan/member/register
2021-12-22 22:33:09,569 log1 INFO handle_request.py-50 line：请求数据为：{'mobile_phone': '15500000001', 'pwd': '12345678901234567', 'type': 1}
2021-12-22 22:33:09,649 log1 INFO handle_request.py-57 line：响应状态码为：200
2021-12-22 22:33:09,649 log1 INFO handle_request.py-58 line：响应数据为：{'code': 2, 'msg': '密码格式为8到16位', 'data': None, 'copyright': 'Copyright 柠檬班 © 2017-2019 湖南省零檬信息技术有限公司 All Rights Reserved'}
2021-12-22 22:33:09,649 log1 INFO Test_registe.py-44 line：用例的期望结果为：{"code":2,"msg":"密码格式为8到16位"}
2021-12-22 22:33:09,649 log1 INFO Test_registe.py-39 line：*********   执行用例10：不输入密码   *********
2021-12-22 22:33:09,649 log1 INFO handle_request.py-44 line：发起一次HTTP请求
2021-12-22 22:33:09,649 log1 INFO handle_request.py-47 line：请求头为：{'X-Lemonban-Media-Type': 'lemonban.v2', 'Content-Type': 'application/json'}
2021-12-22 22:33:09,649 log1 INFO handle_request.py-48 line：请求方法为：post
2021-12-22 22:33:09,649 log1 INFO handle_request.py-49 line：请求url为：http://api.lemonban.com/futureloan/member/register
2021-12-22 22:33:09,649 log1 INFO handle_request.py-50 line：请求数据为：{'mobile_phone': '13300000001', 'type': 1}
2021-12-22 22:33:09,729 log1 INFO handle_request.py-57 line：响应状态码为：200
2021-12-22 22:33:09,729 log1 INFO handle_request.py-58 line：响应数据为：{'code': 1, 'msg': '密码为空', 'data': None, 'copyright': 'Copyright 柠檬班 © 2017-2019 湖南省零檬信息技术有限公司 All Rights Reserved'}
2021-12-22 22:33:09,729 log1 INFO Test_registe.py-44 line：用例的期望结果为：{"code":1,"msg":"密码为空"}
2021-12-22 22:33:09,729 log1 INFO Test_registe.py-39 line：*********   执行用例11：注册名11位   *********
2021-12-22 22:33:09,729 log1 INFO handle_request.py-44 line：发起一次HTTP请求
2021-12-22 22:33:09,729 log1 INFO handle_request.py-47 line：请求头为：{'X-Lemonban-Media-Type': 'lemonban.v2', 'Content-Type': 'application/json'}
2021-12-22 22:33:09,729 log1 INFO handle_request.py-48 line：请求方法为：post
2021-12-22 22:33:09,729 log1 INFO handle_request.py-49 line：请求url为：http://api.lemonban.com/futureloan/member/register
2021-12-22 22:33:09,729 log1 INFO handle_request.py-50 line：请求数据为：{'mobile_phone': '13303007856', 'pwd': '12345678', 'type': 1, 'reg_name': '12345678909991'}
2021-12-22 22:33:09,819 log1 INFO handle_request.py-57 line：响应状态码为：200
2021-12-22 22:33:09,819 log1 INFO handle_request.py-58 line：响应数据为：{'code': 2, 'msg': '用户昵称长度超过10位', 'data': None, 'copyright': 'Copyright 柠檬班 © 2017-2019 湖南省零檬信息技术有限公司 All Rights Reserved'}
2021-12-22 22:33:09,819 log1 INFO Test_registe.py-44 line：用例的期望结果为：{"code":2,"msg":"用户昵称长度超过10位"}
2021-12-22 22:33:09,819 log1 INFO Test_registe.py-39 line：*********   执行用例12：类型输入非0，1内容   *********
2021-12-22 22:33:09,819 log1 INFO handle_request.py-44 line：发起一次HTTP请求
2021-12-22 22:33:09,819 log1 INFO handle_request.py-47 line：请求头为：{'X-Lemonban-Media-Type': 'lemonban.v2', 'Content-Type': 'application/json'}
2021-12-22 22:33:09,819 log1 INFO handle_request.py-48 line：请求方法为：post
2021-12-22 22:33:09,819 log1 INFO handle_request.py-49 line：请求url为：http://api.lemonban.com/futureloan/member/register
2021-12-22 22:33:09,819 log1 INFO handle_request.py-50 line：请求数据为：{'mobile_phone': '13300003456', 'pwd': '12345678', 'type': 2}
2021-12-22 22:33:09,899 log1 INFO handle_request.py-57 line：响应状态码为：200
2021-12-22 22:33:09,899 log1 INFO handle_request.py-58 line：响应数据为：{'code': 2, 'msg': '不支持的用户类型', 'data': None, 'copyright': 'Copyright 柠檬班 © 2017-2019 湖南省零檬信息技术有限公司 All Rights Reserved'}
2021-12-22 22:33:09,899 log1 INFO Test_registe.py-44 line：用例的期望结果为：{"code":2,"msg":"不支持的用户类型"}
2021-12-22 22:33:09,899 log1 INFO Test_registe.py-39 line：*********   执行用例13：不输入类型   *********
2021-12-22 22:33:09,899 log1 INFO handle_request.py-44 line：发起一次HTTP请求
2021-12-22 22:33:09,899 log1 INFO handle_request.py-47 line：请求头为：{'X-Lemonban-Media-Type': 'lemonban.v2', 'Content-Type': 'application/json'}
2021-12-22 22:33:09,899 log1 INFO handle_request.py-48 line：请求方法为：post
2021-12-22 22:33:09,899 log1 INFO handle_request.py-49 line：请求url为：http://api.lemonban.com/futureloan/member/register
2021-12-22 22:33:09,899 log1 INFO handle_request.py-50 line：请求数据为：{'mobile_phone': '#phone#', 'pwd': '12345678'}
2021-12-22 22:33:09,999 log1 INFO handle_request.py-57 line：响应状态码为：200
2021-12-22 22:33:09,999 log1 INFO handle_request.py-58 line：响应数据为：{'code': 2, 'msg': '无效的手机格式', 'data': None, 'copyright': 'Copyright 柠檬班 © 2017-2019 湖南省零檬信息技术有限公司 All Rights Reserved'}
2021-12-22 22:33:09,999 log1 INFO Test_registe.py-44 line：用例的期望结果为：{"code":0,"msg":"OK"}
2021-12-22 22:33:09,999 log1 ERROR Test_registe.py-50 line：断言失败！
Traceback (most recent call last):
  File "C:\Users\Administrator\Desktop\api\TestCase\Test_registe.py", line 46, in test_register_ok
    self.assertEqual(response.json()["code"],expected["code"]) #断言响应code与期望code
  File "D:\python\lib\unittest\case.py", line 829, in assertEqual
    assertion_func(first, second, msg=msg)
  File "D:\python\lib\unittest\case.py", line 822, in _baseAssertEqual
    raise self.failureException(msg)
AssertionError: 2 != 0
2021-12-22 22:33:09,999 log1 INFO Test_registe.py-33 line：======  注册模块用例 执行结束  ========
2021-12-28 23:08:30,732 log1 INFO Test_registe.py-32 line：======  注册模块用例 开始执行  ========
2021-12-28 23:08:30,735 log1 INFO Test_registe.py-42 line：*********   执行用例1：注册成功-带注册名   *********
2021-12-28 23:08:30,839 log1 INFO Test_registe.py-42 line：*********   执行用例2：成功-不带用户名   *********
2021-12-28 23:08:30,846 log1 INFO Test_registe.py-42 line：*********   执行用例3：不输入手机号   *********
2021-12-28 23:08:30,854 log1 INFO Test_registe.py-42 line：*********   执行用例4：手机号长度10位   *********
2021-12-28 23:08:30,860 log1 INFO Test_registe.py-42 line：*********   执行用例5：手机号长度12位   *********
2021-12-28 23:08:30,866 log1 INFO Test_registe.py-42 line：*********   执行用例6：手机号含有非法字符   *********
2021-12-28 23:08:30,872 log1 INFO Test_registe.py-42 line：*********   执行用例7：已注册过的手机号   *********
2021-12-28 23:08:30,878 log1 INFO Test_registe.py-42 line：*********   执行用例8：密码7位   *********
2021-12-28 23:08:30,884 log1 INFO Test_registe.py-42 line：*********   执行用例9：密码17位   *********
2021-12-28 23:08:30,891 log1 INFO Test_registe.py-42 line：*********   执行用例10：不输入密码   *********
2021-12-28 23:08:30,898 log1 INFO Test_registe.py-42 line：*********   执行用例11：注册名11位   *********
2021-12-28 23:08:30,905 log1 INFO Test_registe.py-42 line：*********   执行用例12：类型输入非0，1内容   *********
2021-12-28 23:08:30,913 log1 INFO Test_registe.py-42 line：*********   执行用例13：不输入类型   *********
2021-12-28 23:08:30,918 log1 INFO Test_registe.py-36 line：======  注册模块用例 执行结束  ========
2021-12-28 23:18:17,818 log1 INFO Test_registe.py-32 line：======  注册模块用例 开始执行  ========
2021-12-28 23:18:17,819 log1 INFO Test_registe.py-42 line：*********   执行用例1：注册成功-带注册名   *********
2021-12-28 23:18:17,944 log1 INFO Test_registe.py-42 line：*********   执行用例2：成功-不带用户名   *********
2021-12-28 23:18:17,951 log1 INFO Test_registe.py-42 line：*********   执行用例3：不输入手机号   *********
2021-12-28 23:18:17,965 log1 INFO Test_registe.py-42 line：*********   执行用例4：手机号长度10位   *********
2021-12-28 23:18:17,979 log1 INFO Test_registe.py-42 line：*********   执行用例5：手机号长度12位   *********
2021-12-28 23:18:17,988 log1 INFO Test_registe.py-42 line：*********   执行用例6：手机号含有非法字符   *********
2021-12-28 23:18:17,994 log1 INFO Test_registe.py-42 line：*********   执行用例7：已注册过的手机号   *********
2021-12-28 23:18:18,002 log1 INFO Test_registe.py-42 line：*********   执行用例8：密码7位   *********
2021-12-28 23:18:18,014 log1 INFO Test_registe.py-42 line：*********   执行用例9：密码17位   *********
2021-12-28 23:18:18,027 log1 INFO Test_registe.py-42 line：*********   执行用例10：不输入密码   *********
2021-12-28 23:18:18,032 log1 INFO Test_registe.py-42 line：*********   执行用例11：注册名11位   *********
2021-12-28 23:18:18,040 log1 INFO Test_registe.py-42 line：*********   执行用例12：类型输入非0，1内容   *********
2021-12-28 23:18:18,047 log1 INFO Test_registe.py-42 line：*********   执行用例13：不输入类型   *********
2021-12-28 23:18:18,055 log1 INFO Test_registe.py-36 line：======  注册模块用例 执行结束  ========
2021-12-28 23:45:47,912 log1 INFO Test_registe.py-32 line：======  注册模块用例 开始执行  ========
2021-12-28 23:45:47,913 log1 INFO Test_registe.py-42 line：*********   执行用例1：注册成功-带注册名   *********
2021-12-28 23:45:48,011 log1 INFO Test_registe.py-42 line：*********   执行用例2：成功-不带用户名   *********
2021-12-28 23:45:48,021 log1 INFO Test_registe.py-42 line：*********   执行用例3：不输入手机号   *********
2021-12-28 23:45:48,029 log1 INFO Test_registe.py-42 line：*********   执行用例4：手机号长度10位   *********
2021-12-28 23:45:48,037 log1 INFO Test_registe.py-42 line：*********   执行用例5：手机号长度12位   *********
2021-12-28 23:45:48,042 log1 INFO Test_registe.py-42 line：*********   执行用例6：手机号含有非法字符   *********
2021-12-28 23:45:48,049 log1 INFO Test_registe.py-42 line：*********   执行用例7：已注册过的手机号   *********
2021-12-28 23:45:48,055 log1 INFO Test_registe.py-42 line：*********   执行用例8：密码7位   *********
2021-12-28 23:45:48,061 log1 INFO Test_registe.py-42 line：*********   执行用例9：密码17位   *********
2021-12-28 23:45:48,068 log1 INFO Test_registe.py-42 line：*********   执行用例10：不输入密码   *********
2021-12-28 23:45:48,076 log1 INFO Test_registe.py-42 line：*********   执行用例11：注册名11位   *********
2021-12-28 23:45:48,082 log1 INFO Test_registe.py-42 line：*********   执行用例12：类型输入非0，1内容   *********
2021-12-28 23:45:48,088 log1 INFO Test_registe.py-42 line：*********   执行用例13：不输入类型   *********
2021-12-28 23:45:48,093 log1 INFO Test_registe.py-36 line：======  注册模块用例 执行结束  ========
2021-12-28 23:49:41,203 log1 INFO Test_registe.py-34 line：======  注册模块用例 开始执行  ========
2021-12-28 23:49:41,204 log1 INFO Test_registe.py-44 line：*********   执行用例1：注册成功-带注册名   *********
2021-12-28 23:49:41,300 log1 INFO Test_registe.py-44 line：*********   执行用例2：成功-不带用户名   *********
2021-12-28 23:49:41,306 log1 INFO Test_registe.py-44 line：*********   执行用例3：不输入手机号   *********
2021-12-28 23:49:41,318 log1 INFO Test_registe.py-44 line：*********   执行用例4：手机号长度10位   *********
2021-12-28 23:49:41,324 log1 INFO Test_registe.py-44 line：*********   执行用例5：手机号长度12位   *********
2021-12-28 23:49:41,331 log1 INFO Test_registe.py-44 line：*********   执行用例6：手机号含有非法字符   *********
2021-12-28 23:49:41,337 log1 INFO Test_registe.py-44 line：*********   执行用例7：已注册过的手机号   *********
2021-12-28 23:49:41,343 log1 INFO Test_registe.py-44 line：*********   执行用例8：密码7位   *********
2021-12-28 23:49:41,349 log1 INFO Test_registe.py-44 line：*********   执行用例9：密码17位   *********
2021-12-28 23:49:41,356 log1 INFO Test_registe.py-44 line：*********   执行用例10：不输入密码   *********
2021-12-28 23:49:41,365 log1 INFO Test_registe.py-44 line：*********   执行用例11：注册名11位   *********
2021-12-28 23:49:41,372 log1 INFO Test_registe.py-44 line：*********   执行用例12：类型输入非0，1内容   *********
2021-12-28 23:49:41,377 log1 INFO Test_registe.py-44 line：*********   执行用例13：不输入类型   *********
2021-12-28 23:49:41,382 log1 INFO Test_registe.py-38 line：======  注册模块用例 执行结束  ========
2021-12-28 23:49:59,309 log1 INFO Test_registe.py-35 line：======  注册模块用例 开始执行  ========
2021-12-28 23:49:59,310 log1 INFO Test_registe.py-45 line：*********   执行用例1：注册成功-带注册名   *********
2021-12-28 23:49:59,409 log1 INFO Test_registe.py-45 line：*********   执行用例2：成功-不带用户名   *********
2021-12-28 23:49:59,415 log1 INFO Test_registe.py-45 line：*********   执行用例3：不输入手机号   *********
2021-12-28 23:49:59,421 log1 INFO Test_registe.py-45 line：*********   执行用例4：手机号长度10位   *********
2021-12-28 23:49:59,427 log1 INFO Test_registe.py-45 line：*********   执行用例5：手机号长度12位   *********
2021-12-28 23:49:59,433 log1 INFO Test_registe.py-45 line：*********   执行用例6：手机号含有非法字符   *********
2021-12-28 23:49:59,439 log1 INFO Test_registe.py-45 line：*********   执行用例7：已注册过的手机号   *********
2021-12-28 23:49:59,446 log1 INFO Test_registe.py-45 line：*********   执行用例8：密码7位   *********
2021-12-28 23:49:59,452 log1 INFO Test_registe.py-45 line：*********   执行用例9：密码17位   *********
2021-12-28 23:49:59,458 log1 INFO Test_registe.py-45 line：*********   执行用例10：不输入密码   *********
2021-12-28 23:49:59,465 log1 INFO Test_registe.py-45 line：*********   执行用例11：注册名11位   *********
2021-12-28 23:49:59,472 log1 INFO Test_registe.py-45 line：*********   执行用例12：类型输入非0，1内容   *********
2021-12-28 23:49:59,479 log1 INFO Test_registe.py-45 line：*********   执行用例13：不输入类型   *********
2021-12-28 23:49:59,483 log1 INFO Test_registe.py-39 line：======  注册模块用例 执行结束  ========
2021-12-28 23:58:49,283 log1 INFO Test_registe.py-35 line：======  注册模块用例 开始执行  ========
2021-12-28 23:58:49,285 log1 INFO Test_registe.py-45 line：*********   执行用例1：注册成功-带注册名   *********
2021-12-28 23:58:49,519 log1 INFO handle_requests.py-44 line：发起一次HTTP请求
2021-12-28 23:58:49,519 log1 INFO handle_requests.py-47 line：请求头为：{'X-Lemonban-Media-Type': 'lemonban.v2', 'Content-Type': 'application/json'}
2021-12-28 23:58:49,677 log1 INFO Test_registe.py-45 line：*********   执行用例2：成功-不带用户名   *********
2021-12-28 23:58:49,905 log1 INFO handle_requests.py-44 line：发起一次HTTP请求
2021-12-28 23:58:49,905 log1 INFO handle_requests.py-47 line：请求头为：{'X-Lemonban-Media-Type': 'lemonban.v2', 'Content-Type': 'application/json'}
2021-12-28 23:58:49,959 log1 INFO Test_registe.py-45 line：*********   执行用例3：不输入手机号   *********
2021-12-28 23:58:49,960 log1 INFO handle_requests.py-44 line：发起一次HTTP请求
2021-12-28 23:58:49,960 log1 INFO handle_requests.py-47 line：请求头为：{'X-Lemonban-Media-Type': 'lemonban.v2', 'Content-Type': 'application/json'}
2021-12-28 23:58:50,014 log1 INFO Test_registe.py-45 line：*********   执行用例4：手机号长度10位   *********
2021-12-28 23:58:50,014 log1 INFO handle_requests.py-44 line：发起一次HTTP请求
2021-12-28 23:58:50,014 log1 INFO handle_requests.py-47 line：请求头为：{'X-Lemonban-Media-Type': 'lemonban.v2', 'Content-Type': 'application/json'}
2021-12-28 23:58:50,066 log1 INFO Test_registe.py-45 line：*********   执行用例5：手机号长度12位   *********
2021-12-28 23:58:50,066 log1 INFO handle_requests.py-44 line：发起一次HTTP请求
2021-12-28 23:58:50,066 log1 INFO handle_requests.py-47 line：请求头为：{'X-Lemonban-Media-Type': 'lemonban.v2', 'Content-Type': 'application/json'}
2021-12-28 23:58:50,118 log1 INFO Test_registe.py-45 line：*********   执行用例6：手机号含有非法字符   *********
2021-12-28 23:58:50,119 log1 INFO handle_requests.py-44 line：发起一次HTTP请求
2021-12-28 23:58:50,119 log1 INFO handle_requests.py-47 line：请求头为：{'X-Lemonban-Media-Type': 'lemonban.v2', 'Content-Type': 'application/json'}
2021-12-28 23:58:50,205 log1 INFO Test_registe.py-45 line：*********   执行用例7：已注册过的手机号   *********
2021-12-28 23:58:50,206 log1 INFO handle_requests.py-44 line：发起一次HTTP请求
2021-12-28 23:58:50,206 log1 INFO handle_requests.py-47 line：请求头为：{'X-Lemonban-Media-Type': 'lemonban.v2', 'Content-Type': 'application/json'}
2021-12-28 23:58:50,259 log1 INFO Test_registe.py-45 line：*********   执行用例8：密码7位   *********
2021-12-28 23:58:50,259 log1 INFO handle_requests.py-44 line：发起一次HTTP请求
2021-12-28 23:58:50,260 log1 INFO handle_requests.py-47 line：请求头为：{'X-Lemonban-Media-Type': 'lemonban.v2', 'Content-Type': 'application/json'}
2021-12-28 23:58:50,321 log1 INFO Test_registe.py-45 line：*********   执行用例9：密码17位   *********
2021-12-28 23:58:50,321 log1 INFO handle_requests.py-44 line：发起一次HTTP请求
2021-12-28 23:58:50,321 log1 INFO handle_requests.py-47 line：请求头为：{'X-Lemonban-Media-Type': 'lemonban.v2', 'Content-Type': 'application/json'}
2021-12-28 23:58:50,374 log1 INFO Test_registe.py-45 line：*********   执行用例10：不输入密码   *********
2021-12-28 23:58:50,374 log1 INFO handle_requests.py-44 line：发起一次HTTP请求
2021-12-28 23:58:50,374 log1 INFO handle_requests.py-47 line：请求头为：{'X-Lemonban-Media-Type': 'lemonban.v2', 'Content-Type': 'application/json'}
2021-12-28 23:58:50,437 log1 INFO Test_registe.py-45 line：*********   执行用例11：注册名11位   *********
2021-12-28 23:58:50,437 log1 INFO handle_requests.py-44 line：发起一次HTTP请求
2021-12-28 23:58:50,438 log1 INFO handle_requests.py-47 line：请求头为：{'X-Lemonban-Media-Type': 'lemonban.v2', 'Content-Type': 'application/json'}
2021-12-28 23:58:50,495 log1 INFO Test_registe.py-45 line：*********   执行用例12：类型输入非0，1内容   *********
2021-12-28 23:58:50,495 log1 INFO handle_requests.py-44 line：发起一次HTTP请求
2021-12-28 23:58:50,495 log1 INFO handle_requests.py-47 line：请求头为：{'X-Lemonban-Media-Type': 'lemonban.v2', 'Content-Type': 'application/json'}
2021-12-28 23:58:50,552 log1 INFO Test_registe.py-45 line：*********   执行用例13：不输入类型   *********
2021-12-28 23:58:50,769 log1 INFO handle_requests.py-44 line：发起一次HTTP请求
2021-12-28 23:58:50,769 log1 INFO handle_requests.py-47 line：请求头为：{'X-Lemonban-Media-Type': 'lemonban.v2', 'Content-Type': 'application/json'}
2021-12-28 23:58:50,822 log1 INFO Test_registe.py-39 line：======  注册模块用例 执行结束  ========
2021-12-29 00:14:30,757 log1 INFO Test_registe.py-35 line：======  注册模块用例 开始执行  ========
2021-12-29 00:14:30,758 log1 INFO Test_registe.py-45 line：*********   执行用例1：注册成功-带注册名   *********
2021-12-29 00:14:30,995 log1 INFO handle_requests.py-33 line：发起一次HTTP请求
2021-12-29 00:14:30,995 log1 INFO handle_requests.py-41 line：请求头为：{'X-Lemonban-Media-Type': 'lemonban.v2', 'Content-Type': 'application/json'}
2021-12-29 00:14:30,996 log1 INFO handle_requests.py-42 line：请求方法为：post
2021-12-29 00:14:30,996 log1 INFO handle_requests.py-43 line：请求url为：http://api.lemonban.com/futureloan/member/register
2021-12-29 00:14:30,996 log1 INFO handle_requests.py-44 line：请求数据为：{'mobile_phone': '17251475445', 'pwd': '123456789', 'type': 1, 'reg_name': '美丽可爱的小简'}
2021-12-29 00:14:31,102 log1 INFO handle_requests.py-51 line：响应状态码为：200
2021-12-29 00:14:31,102 log1 INFO handle_requests.py-52 line：响应数据为：{'code': 2, 'msg': '无效的手机格式', 'data': None, 'copyright': 'Copyright 柠檬班 © 2017-2019 湖南省零檬信息技术有限公司 All Rights Reserved'}
2021-12-29 00:14:31,103 log1 INFO Test_registe.py-61 line：用例的期望结果为：{"code":0,"msg":"OK"}
2021-12-29 00:14:31,103 log1 ERROR Test_registe.py-71 line：断言失败！
Traceback (most recent call last):
  File "D:\PyCharm Community Edition 2018.3.5\helpers\pycharm\teamcity\diff_tools.py", line 32, in _patched_equals
    old(self, first, second, msg)
  File "D:\python\lib\unittest\case.py", line 829, in assertEqual
    assertion_func(first, second, msg=msg)
  File "D:\python\lib\unittest\case.py", line 822, in _baseAssertEqual
    raise self.failureException(msg)
AssertionError: 2 != 0

During handling of the above exception, another exception occurred:

Traceback (most recent call last):
  File "C:\Users\Administrator\Desktop\api\TestCase\Test_registe.py", line 63, in test_register_ok
    self.assertEqual(response.json()["code"],expected["code"]) #断言响应code与期望code
  File "D:\PyCharm Community Edition 2018.3.5\helpers\pycharm\teamcity\diff_tools.py", line 38, in _patched_equals
    raise error
teamcity.diff_tools.EqualsAssertionError:  :: 2 != 0
2021-12-29 00:14:31,273 log1 INFO Test_registe.py-45 line：*********   执行用例2：成功-不带用户名   *********
2021-12-29 00:14:31,525 log1 INFO handle_requests.py-33 line：发起一次HTTP请求
2021-12-29 00:14:31,526 log1 INFO handle_requests.py-41 line：请求头为：{'X-Lemonban-Media-Type': 'lemonban.v2', 'Content-Type': 'application/json'}
2021-12-29 00:14:31,526 log1 INFO handle_requests.py-42 line：请求方法为：post
2021-12-29 00:14:31,526 log1 INFO handle_requests.py-43 line：请求url为：http://api.lemonban.com/futureloan/member/register
2021-12-29 00:14:31,526 log1 INFO handle_requests.py-44 line：请求数据为：{'mobile_phone': '13816010005', 'pwd': '123456789', 'type': 1}
2021-12-29 00:14:31,628 log1 INFO handle_requests.py-51 line：响应状态码为：200
2021-12-29 00:14:31,628 log1 INFO handle_requests.py-52 line：响应数据为：{'code': 0, 'msg': 'OK', 'data': {'id': 770186, 'reg_name': '小柠檬', 'mobile_phone': '13816010005'}, 'copyright': 'Copyright 柠檬班 © 2017-2019 湖南省零檬信息技术有限公司 All Rights Reserved'}
2021-12-29 00:14:31,628 log1 INFO Test_registe.py-61 line：用例的期望结果为：{"code":1,"msg":"手机号为空"}
2021-12-29 00:14:31,628 log1 ERROR Test_registe.py-71 line：断言失败！
Traceback (most recent call last):
  File "D:\PyCharm Community Edition 2018.3.5\helpers\pycharm\teamcity\diff_tools.py", line 32, in _patched_equals
    old(self, first, second, msg)
  File "D:\python\lib\unittest\case.py", line 829, in assertEqual
    assertion_func(first, second, msg=msg)
  File "D:\python\lib\unittest\case.py", line 822, in _baseAssertEqual
    raise self.failureException(msg)
AssertionError: 0 != 1

During handling of the above exception, another exception occurred:

Traceback (most recent call last):
  File "C:\Users\Administrator\Desktop\api\TestCase\Test_registe.py", line 63, in test_register_ok
    self.assertEqual(response.json()["code"],expected["code"]) #断言响应code与期望code
  File "D:\PyCharm Community Edition 2018.3.5\helpers\pycharm\teamcity\diff_tools.py", line 38, in _patched_equals
    raise error
teamcity.diff_tools.EqualsAssertionError:  :: 0 != 1
2021-12-29 00:14:31,689 log1 INFO Test_registe.py-45 line：*********   执行用例3：不输入手机号   *********
2021-12-29 00:14:31,689 log1 INFO handle_requests.py-33 line：发起一次HTTP请求
2021-12-29 00:14:31,690 log1 INFO handle_requests.py-41 line：请求头为：{'X-Lemonban-Media-Type': 'lemonban.v2', 'Content-Type': 'application/json'}
2021-12-29 00:14:31,690 log1 INFO handle_requests.py-42 line：请求方法为：post
2021-12-29 00:14:31,690 log1 INFO handle_requests.py-43 line：请求url为：http://api.lemonban.com/futureloan/member/register
2021-12-29 00:14:31,690 log1 INFO handle_requests.py-44 line：请求数据为：{'pwd': '12345678', 'type': 1}
2021-12-29 00:14:31,801 log1 INFO handle_requests.py-51 line：响应状态码为：200
2021-12-29 00:14:31,801 log1 INFO handle_requests.py-52 line：响应数据为：{'code': 1, 'msg': '手机号为空', 'data': None, 'copyright': 'Copyright 柠檬班 © 2017-2019 湖南省零檬信息技术有限公司 All Rights Reserved'}
2021-12-29 00:14:31,802 log1 INFO Test_registe.py-61 line：用例的期望结果为：{"code":1,"msg":"手机号为空"}
2021-12-29 00:14:31,805 log1 INFO Test_registe.py-45 line：*********   执行用例4：手机号长度10位   *********
2021-12-29 00:14:31,805 log1 INFO handle_requests.py-33 line：发起一次HTTP请求
2021-12-29 00:14:31,805 log1 INFO handle_requests.py-41 line：请求头为：{'X-Lemonban-Media-Type': 'lemonban.v2', 'Content-Type': 'application/json'}
2021-12-29 00:14:31,805 log1 INFO handle_requests.py-42 line：请求方法为：post
2021-12-29 00:14:31,805 log1 INFO handle_requests.py-43 line：请求url为：http://api.lemonban.com/futureloan/member/register
2021-12-29 00:14:31,806 log1 INFO handle_requests.py-44 line：请求数据为：{'mobile_phone': '1550000000', 'pwd': '12345678', 'type': 1}
2021-12-29 00:14:31,895 log1 INFO handle_requests.py-51 line：响应状态码为：200
2021-12-29 00:14:31,895 log1 INFO handle_requests.py-52 line：响应数据为：{'code': 2, 'msg': '无效的手机格式', 'data': None, 'copyright': 'Copyright 柠檬班 © 2017-2019 湖南省零檬信息技术有限公司 All Rights Reserved'}
2021-12-29 00:14:31,895 log1 INFO Test_registe.py-61 line：用例的期望结果为：{"code":2,"msg":"无效的手机格式"}
2021-12-29 00:14:31,898 log1 INFO Test_registe.py-45 line：*********   执行用例5：手机号长度12位   *********
2021-12-29 00:14:31,898 log1 INFO handle_requests.py-33 line：发起一次HTTP请求
2021-12-29 00:14:31,898 log1 INFO handle_requests.py-41 line：请求头为：{'X-Lemonban-Media-Type': 'lemonban.v2', 'Content-Type': 'application/json'}
2021-12-29 00:14:31,899 log1 INFO handle_requests.py-42 line：请求方法为：post
2021-12-29 00:14:31,899 log1 INFO handle_requests.py-43 line：请求url为：http://api.lemonban.com/futureloan/member/register
2021-12-29 00:14:31,899 log1 INFO handle_requests.py-44 line：请求数据为：{'mobile_phone': '155000000001', 'pwd': '12345678', 'type': 1}
2021-12-29 00:14:31,985 log1 INFO handle_requests.py-51 line：响应状态码为：200
2021-12-29 00:14:31,986 log1 INFO handle_requests.py-52 line：响应数据为：{'code': 2, 'msg': '无效的手机格式', 'data': None, 'copyright': 'Copyright 柠檬班 © 2017-2019 湖南省零檬信息技术有限公司 All Rights Reserved'}
2021-12-29 00:14:31,986 log1 INFO Test_registe.py-61 line：用例的期望结果为：{"code":2,"msg":"无效的手机格式"}
2021-12-29 00:14:31,988 log1 INFO Test_registe.py-45 line：*********   执行用例6：手机号含有非法字符   *********
2021-12-29 00:14:31,989 log1 INFO handle_requests.py-33 line：发起一次HTTP请求
2021-12-29 00:14:31,989 log1 INFO handle_requests.py-41 line：请求头为：{'X-Lemonban-Media-Type': 'lemonban.v2', 'Content-Type': 'application/json'}
2021-12-29 00:14:31,989 log1 INFO handle_requests.py-42 line：请求方法为：post
2021-12-29 00:14:31,989 log1 INFO handle_requests.py-43 line：请求url为：http://api.lemonban.com/futureloan/member/register
2021-12-29 00:14:31,989 log1 INFO handle_requests.py-44 line：请求数据为：{'mobile_phone': '1550000000q', 'pwd': '12345678', 'type': 1}
2021-12-29 00:14:32,084 log1 INFO handle_requests.py-51 line：响应状态码为：200
2021-12-29 00:14:32,085 log1 INFO handle_requests.py-52 line：响应数据为：{'code': 2, 'msg': '无效的手机格式', 'data': None, 'copyright': 'Copyright 柠檬班 © 2017-2019 湖南省零檬信息技术有限公司 All Rights Reserved'}
2021-12-29 00:14:32,085 log1 INFO Test_registe.py-61 line：用例的期望结果为：{"code":2,"msg":"无效的手机格式"}
2021-12-29 00:14:32,088 log1 INFO Test_registe.py-45 line：*********   执行用例7：已注册过的手机号   *********
2021-12-29 00:14:32,088 log1 INFO handle_requests.py-33 line：发起一次HTTP请求
2021-12-29 00:14:32,088 log1 INFO handle_requests.py-41 line：请求头为：{'X-Lemonban-Media-Type': 'lemonban.v2', 'Content-Type': 'application/json'}
2021-12-29 00:14:32,088 log1 INFO handle_requests.py-42 line：请求方法为：post
2021-12-29 00:14:32,089 log1 INFO handle_requests.py-43 line：请求url为：http://api.lemonban.com/futureloan/member/register
2021-12-29 00:14:32,089 log1 INFO handle_requests.py-44 line：请求数据为：{'mobile_phone': '15500000000', 'pwd': '12345678', 'type': 1}
2021-12-29 00:14:32,174 log1 INFO handle_requests.py-51 line：响应状态码为：200
2021-12-29 00:14:32,175 log1 INFO handle_requests.py-52 line：响应数据为：{'code': 2, 'msg': '账号已存在', 'data': None, 'copyright': 'Copyright 柠檬班 © 2017-2019 湖南省零檬信息技术有限公司 All Rights Reserved'}
2021-12-29 00:14:32,175 log1 INFO Test_registe.py-61 line：用例的期望结果为：{"code":2,"msg":"账号已存在"}
2021-12-29 00:14:32,177 log1 INFO Test_registe.py-45 line：*********   执行用例8：密码7位   *********
2021-12-29 00:14:32,177 log1 INFO handle_requests.py-33 line：发起一次HTTP请求
2021-12-29 00:14:32,178 log1 INFO handle_requests.py-41 line：请求头为：{'X-Lemonban-Media-Type': 'lemonban.v2', 'Content-Type': 'application/json'}
2021-12-29 00:14:32,178 log1 INFO handle_requests.py-42 line：请求方法为：post
2021-12-29 00:14:32,178 log1 INFO handle_requests.py-43 line：请求url为：http://api.lemonban.com/futureloan/member/register
2021-12-29 00:14:32,178 log1 INFO handle_requests.py-44 line：请求数据为：{'mobile_phone': '15500056781', 'pwd': '1234567', 'type': 1}
2021-12-29 00:14:32,302 log1 INFO handle_requests.py-51 line：响应状态码为：200
2021-12-29 00:14:32,302 log1 INFO handle_requests.py-52 line：响应数据为：{'code': 2, 'msg': '密码格式为8到16位', 'data': None, 'copyright': 'Copyright 柠檬班 © 2017-2019 湖南省零檬信息技术有限公司 All Rights Reserved'}
2021-12-29 00:14:32,302 log1 INFO Test_registe.py-61 line：用例的期望结果为：{"code":2,"msg":"密码格式为8到16位"}
2021-12-29 00:14:32,305 log1 INFO Test_registe.py-45 line：*********   执行用例9：密码17位   *********
2021-12-29 00:14:32,306 log1 INFO handle_requests.py-33 line：发起一次HTTP请求
2021-12-29 00:14:32,306 log1 INFO handle_requests.py-41 line：请求头为：{'X-Lemonban-Media-Type': 'lemonban.v2', 'Content-Type': 'application/json'}
2021-12-29 00:14:32,306 log1 INFO handle_requests.py-42 line：请求方法为：post
2021-12-29 00:14:32,306 log1 INFO handle_requests.py-43 line：请求url为：http://api.lemonban.com/futureloan/member/register
2021-12-29 00:14:32,306 log1 INFO handle_requests.py-44 line：请求数据为：{'mobile_phone': '15500000001', 'pwd': '12345678901234567', 'type': 1}
2021-12-29 00:14:32,401 log1 INFO handle_requests.py-51 line：响应状态码为：200
2021-12-29 00:14:32,401 log1 INFO handle_requests.py-52 line：响应数据为：{'code': 2, 'msg': '密码格式为8到16位', 'data': None, 'copyright': 'Copyright 柠檬班 © 2017-2019 湖南省零檬信息技术有限公司 All Rights Reserved'}
2021-12-29 00:14:32,401 log1 INFO Test_registe.py-61 line：用例的期望结果为：{"code":2,"msg":"密码格式为8到16位"}
2021-12-29 00:14:32,404 log1 INFO Test_registe.py-45 line：*********   执行用例10：不输入密码   *********
2021-12-29 00:14:32,404 log1 INFO handle_requests.py-33 line：发起一次HTTP请求
2021-12-29 00:14:32,405 log1 INFO handle_requests.py-41 line：请求头为：{'X-Lemonban-Media-Type': 'lemonban.v2', 'Content-Type': 'application/json'}
2021-12-29 00:14:32,405 log1 INFO handle_requests.py-42 line：请求方法为：post
2021-12-29 00:14:32,405 log1 INFO handle_requests.py-43 line：请求url为：http://api.lemonban.com/futureloan/member/register
2021-12-29 00:14:32,405 log1 INFO handle_requests.py-44 line：请求数据为：{'mobile_phone': '13300000001', 'type': 1}
2021-12-29 00:14:32,496 log1 INFO handle_requests.py-51 line：响应状态码为：200
2021-12-29 00:14:32,496 log1 INFO handle_requests.py-52 line：响应数据为：{'code': 1, 'msg': '密码为空', 'data': None, 'copyright': 'Copyright 柠檬班 © 2017-2019 湖南省零檬信息技术有限公司 All Rights Reserved'}
2021-12-29 00:14:32,496 log1 INFO Test_registe.py-61 line：用例的期望结果为：{"code":1,"msg":"密码为空"}
2021-12-29 00:14:32,502 log1 INFO Test_registe.py-45 line：*********   执行用例11：注册名11位   *********
2021-12-29 00:14:32,502 log1 INFO handle_requests.py-33 line：发起一次HTTP请求
2021-12-29 00:14:32,502 log1 INFO handle_requests.py-41 line：请求头为：{'X-Lemonban-Media-Type': 'lemonban.v2', 'Content-Type': 'application/json'}
2021-12-29 00:14:32,502 log1 INFO handle_requests.py-42 line：请求方法为：post
2021-12-29 00:14:32,503 log1 INFO handle_requests.py-43 line：请求url为：http://api.lemonban.com/futureloan/member/register
2021-12-29 00:14:32,503 log1 INFO handle_requests.py-44 line：请求数据为：{'mobile_phone': '13303007856', 'pwd': '12345678', 'type': 1, 'reg_name': '12345678909991'}
2021-12-29 00:14:32,581 log1 INFO handle_requests.py-51 line：响应状态码为：200
2021-12-29 00:14:32,582 log1 INFO handle_requests.py-52 line：响应数据为：{'code': 2, 'msg': '用户昵称长度超过10位', 'data': None, 'copyright': 'Copyright 柠檬班 © 2017-2019 湖南省零檬信息技术有限公司 All Rights Reserved'}
2021-12-29 00:14:32,582 log1 INFO Test_registe.py-61 line：用例的期望结果为：{"code":2,"msg":"用户昵称长度超过10位"}
2021-12-29 00:14:32,584 log1 INFO Test_registe.py-45 line：*********   执行用例12：类型输入非0，1内容   *********
2021-12-29 00:14:32,584 log1 INFO handle_requests.py-33 line：发起一次HTTP请求
2021-12-29 00:14:32,585 log1 INFO handle_requests.py-41 line：请求头为：{'X-Lemonban-Media-Type': 'lemonban.v2', 'Content-Type': 'application/json'}
2021-12-29 00:14:32,585 log1 INFO handle_requests.py-42 line：请求方法为：post
2021-12-29 00:14:32,585 log1 INFO handle_requests.py-43 line：请求url为：http://api.lemonban.com/futureloan/member/register
2021-12-29 00:14:32,593 log1 INFO handle_requests.py-44 line：请求数据为：{'mobile_phone': '13300003456', 'pwd': '12345678', 'type': 2}
2021-12-29 00:14:32,683 log1 INFO handle_requests.py-51 line：响应状态码为：200
2021-12-29 00:14:32,683 log1 INFO handle_requests.py-52 line：响应数据为：{'code': 2, 'msg': '不支持的用户类型', 'data': None, 'copyright': 'Copyright 柠檬班 © 2017-2019 湖南省零檬信息技术有限公司 All Rights Reserved'}
2021-12-29 00:14:32,683 log1 INFO Test_registe.py-61 line：用例的期望结果为：{"code":2,"msg":"不支持的用户类型"}
2021-12-29 00:14:32,687 log1 INFO Test_registe.py-45 line：*********   执行用例13：不输入类型   *********
2021-12-29 00:14:32,945 log1 INFO handle_requests.py-33 line：发起一次HTTP请求
2021-12-29 00:14:32,945 log1 INFO handle_requests.py-41 line：请求头为：{'X-Lemonban-Media-Type': 'lemonban.v2', 'Content-Type': 'application/json'}
2021-12-29 00:14:32,945 log1 INFO handle_requests.py-42 line：请求方法为：post
2021-12-29 00:14:32,945 log1 INFO handle_requests.py-43 line：请求url为：http://api.lemonban.com/futureloan/member/register
2021-12-29 00:14:32,945 log1 INFO handle_requests.py-44 line：请求数据为：{'mobile_phone': '18263115831', 'pwd': '12345678'}
2021-12-29 00:14:33,047 log1 INFO handle_requests.py-51 line：响应状态码为：200
2021-12-29 00:14:33,047 log1 INFO handle_requests.py-52 line：响应数据为：{'code': 0, 'msg': 'OK', 'data': {'id': 770187, 'reg_name': '小柠檬', 'mobile_phone': '18263115831'}, 'copyright': 'Copyright 柠檬班 © 2017-2019 湖南省零檬信息技术有限公司 All Rights Reserved'}
2021-12-29 00:14:33,047 log1 INFO Test_registe.py-61 line：用例的期望结果为：{"code":0,"msg":"OK"}
2021-12-29 00:14:33,128 log1 INFO Test_registe.py-39 line：======  注册模块用例 执行结束  ========
